// Jest Snapshot v1, https://goo.gl/fbAQLP

exports[`snippets routes GET /:id can get a snippet by external ID 1`] = `
{
  "appId": "zNrpboD",
  "appSpecificDataJson": "{"key":"value"}",
  "creatorId": "E21K9jm",
  "id": "BQAYLpr",
  "messages": [
    {
      "appSpecificDataJson": "{"key2":"value2"}",
      "authorAvatarUrl": "http://example.com/123.png",
      "authorIdentifier": "1234",
      "authorUsername": "Icyspawn",
      "content": "Content",
      "id": "1GX8zMN",
      "sentAt": "1970-01-01T00:00:00.010Z",
    },
  ],
  "public": true,
  "title": "Test snippet title",
  "views": 0,
}
`;

exports[`snippets routes POST / can create a snippet 1`] = `
{
  "appId": "zNrpboD",
  "appSpecificDataJson": "{"key":"value"}",
  "creatorId": "E21K9jm",
  "id": "BQAYLpr",
  "messages": [
    {
      "appSpecificDataJson": "{"key2":"value2"}",
      "authorAvatarUrl": "http://example.com/123.png",
      "authorIdentifier": "1234",
      "authorUsername": "Icyspawn",
      "content": "Content",
      "id": "1GX8zMN",
      "sentAt": "1970-01-01T00:00:00.010Z",
    },
  ],
  "public": true,
  "title": "Test snippet title",
  "views": 0,
}
`;
